// Jest Snapshot v1, https://goo.gl/fbAQLP

exports[`should render login component 1`] = `
<div
  className="login-page"
>
  <div
    className="login__box"
  >
    <h1
      className="heading-secondary u-margin-bottom-small"
    >
      Boilerplate
    </h1>
    <p
      className="paragraph u-margin-bottom-small"
    >
      Tag line for app.
    </p>
    <button
      className="btn"
    >
      Login with Google
    </button>
  </div>
</div>
`;
